
> pulperia-web@0.1.0 build
> next build

   ▲ Next.js 15.5.24
   - Environments: .env.local

   Creating an optimized production build ...
 ✓ Compiled successfully in 12.6s
   Linting and checking validity of types ...
   Collecting page data ...
   Generating static pages (0/12) ...
   Generating static pages (3/12) 
   Generating static pages (6/12) 
   Generating static pages (9/12) 
 ✓ Generating static pages (12/12)
   Finalizing page optimization ...
   Collecting build traces ...

Route (app)                                 Size  First Load JS
┌ ƒ /                                      127 B         103 kB
├ ○ /_not-found                            993 B         104 kB
├ ƒ /clientes                              194 B         106 kB
├ ƒ /clientes/[id]                         194 B         106 kB
├ ƒ /clientes/[id]/editar                  194 B         106 kB
├ ƒ /clientes/[id]/fiados/nuevo            194 B         106 kB
├ ƒ /clientes/[id]/pagos                   194 B         106 kB
├ ƒ /clientes/[id]/pagos/nuevo             194 B         106 kB
├ ƒ /clientes/nuevo                        194 B         106 kB
├ ƒ /dashboard                             127 B         103 kB
├ ○ /login                                 68 kB         171 kB
├ ƒ /productos                             194 B         106 kB
├ ƒ /productos/[id]/editar                 194 B         106 kB
├ ƒ /productos/nuevo                       194 B         106 kB
├ ƒ /ventas                                194 B         106 kB
├ ƒ /ventas/[id]                           194 B         106 kB
└ ƒ /ventas/nueva                          194 B         106 kB
+ First Load JS shared by all             103 kB
  ├ chunks/255-c5a697ddbf82d774.js       46.4 kB
  ├ chunks/4bd1b696-c023c6e3521b1417.js  54.2 kB
  └ other shared chunks (total)          1.99 kB


○  (Static)   prerendered as static content
ƒ  (Dynamic)  server-rendered on demand

